../Drivers/CMSIS/Include/core_cm3.h:1876:26:ITM_SendChar	16	static,ignoring_inline_asm
../Core/Src/main.c:55:5:_write	32	static
../Core/Src/main.c:121:6:adxl_write	24	static
../Core/Src/main.c:131:6:adxl_read	24	static
../Core/Src/main.c:141:6:adxl_init	8	static
../Core/Src/main.c:191:5:main	48	static
../Core/Src/main.c:265:6:SystemClock_Config	80	static
../Core/Src/main.c:309:13:MX_SPI1_Init	8	static
../Core/Src/main.c:347:13:MX_GPIO_Init	40	static
../Core/Src/main.c:396:6:Error_Handler	4	static,ignoring_inline_asm
